== cc-main-2024-oct-nov-dec beautyextensionhaus.com
    "in_crawl": true,
    "pagerank": null,
    "pagerank_rank": null,
    "note": "Domain found in CC crawl but below ranking threshold (too small/new for PageRank rankings)."
== cc-main-2024-oct-nov-dec glowdayspa.ca
    "in_crawl": true,
    "pagerank": 5.7608526159230444e-09,
    "pagerank_rank": 15219436,
    "note": "Domain-level metrics from CC web graph. Quarterly updates."
== cc-main-2024-oct-nov-dec chatters.ca
    "in_crawl": true,
    "pagerank": 5.976978421966554e-08,
    "pagerank_rank": 743865,
    "note": "Domain-level metrics from CC web graph. Quarterly updates."
== cc-main-2025-apr-may-jun beautyextensionhaus.com
    "in_crawl": true,
    "pagerank": null,
    "pagerank_rank": null,
    "note": "Domain found in CC crawl but below ranking threshold (too small/new for PageRank rankings)."
== cc-main-2025-apr-may-jun glowdayspa.ca
    "in_crawl": true,
    "pagerank": 4.3192138775170564e-09,
    "pagerank_rank": 17226293,
    "note": "Domain-level metrics from CC web graph. Quarterly updates."
== cc-main-2025-apr-may-jun chatters.ca
    "in_crawl": true,
    "pagerank": 4.9937573823795955e-08,
    "pagerank_rank": 600608,
    "note": "Domain-level metrics from CC web graph. Quarterly updates."
== cc-main-2025-oct-nov-dec beautyextensionhaus.com
    "in_crawl": true,
    "pagerank": null,
    "pagerank_rank": null,
    "note": "Domain found in CC crawl but below ranking threshold (too small/new for PageRank rankings)."
== cc-main-2025-oct-nov-dec glowdayspa.ca
    "in_crawl": true,
    "pagerank": 4.978864338971156e-09,
    "pagerank_rank": 17357851,
    "note": "Domain-level metrics from CC web graph. Quarterly updates."
== cc-main-2025-oct-nov-dec chatters.ca
    "in_crawl": true,
    "pagerank": 5.008555904139098e-08,
    "pagerank_rank": 672851,
    "note": "Domain-level metrics from CC web graph. Quarterly updates."
== cc-main-2026-jan-feb-mar beautyextensionhaus.com
    "in_crawl": true,
    "pagerank": null,
    "pagerank_rank": null,
    "note": "Domain found in CC crawl but below ranking threshold (too small/new for PageRank rankings)."
== cc-main-2026-jan-feb-mar glowdayspa.ca
    "in_crawl": true,
    "pagerank": 4.8652185031524914e-09,
    "pagerank_rank": 18500030,
    "note": "Domain-level metrics from CC web graph. Quarterly updates."
== cc-main-2026-jan-feb-mar chatters.ca
    "in_crawl": true,
    "pagerank": 3.706295909061109e-08,
    "pagerank_rank": 983720,
    "note": "Domain-level metrics from CC web graph. Quarterly updates."
